[      41ms] [ERROR] Refused to apply style from 'http://localhost:3000/_next/static/chunks/0i2uftzifm4.k.css' because its MIME type ('text/plain') is not a supported stylesheet MIME type, and strict MIME checking is enabled. @ http://localhost:3000/dashboard:0
[      44ms] [ERROR] Refused to apply style from 'http://localhost:3000/_next/static/chunks/0i2uftzifm4.k.css' because its MIME type ('text/plain') is not a supported stylesheet MIME type, and strict MIME checking is enabled. @ http://localhost:3000/dashboard:0
[      47ms] [ERROR] Failed to load resource: the server responded with a status of 404 (Not Found) @ http://localhost:3000/_next/static/chunks/0wn3nwa9sq~im.js:0
[      47ms] [ERROR] Refused to execute script from 'http://localhost:3000/_next/static/chunks/0wn3nwa9sq~im.js' because its MIME type ('text/plain') is not executable, and strict MIME type checking is enabled. @ http://localhost:3000/dashboard:0
[      58ms] [ERROR] Failed to load resource: the server responded with a status of 404 (Not Found) @ http://localhost:3000/_next/static/chunks/0g65g_8j8v9p0.js:0
[      58ms] [ERROR] Refused to execute script from 'http://localhost:3000/_next/static/chunks/0g65g_8j8v9p0.js' because its MIME type ('text/plain') is not executable, and strict MIME type checking is enabled. @ http://localhost:3000/dashboard:0
[      59ms] [ERROR] Failed to load resource: the server responded with a status of 404 (Not Found) @ http://localhost:3000/_next/static/chunks/11i3x~6d830xm.js:0
[      59ms] [ERROR] Refused to execute script from 'http://localhost:3000/_next/static/chunks/11i3x~6d830xm.js' because its MIME type ('text/plain') is not executable, and strict MIME type checking is enabled. @ http://localhost:3000/dashboard:0
[      59ms] [ERROR] Failed to load resource: the server responded with a status of 404 (Not Found) @ http://localhost:3000/_next/static/chunks/10kbohqw03q-k.js:0
[      59ms] [ERROR] Refused to execute script from 'http://localhost:3000/_next/static/chunks/10kbohqw03q-k.js' because its MIME type ('text/plain') is not executable, and strict MIME type checking is enabled. @ http://localhost:3000/dashboard:0
[      59ms] [ERROR] Failed to load resource: the server responded with a status of 404 (Not Found) @ http://localhost:3000/_next/static/chunks/174eb~rwd6tuu.js:0
[      59ms] [ERROR] Refused to execute script from 'http://localhost:3000/_next/static/chunks/174eb~rwd6tuu.js' because its MIME type ('text/plain') is not executable, and strict MIME type checking is enabled. @ http://localhost:3000/dashboard:0
[      59ms] [ERROR] Failed to load resource: the server responded with a status of 404 (Not Found) @ http://localhost:3000/_next/static/chunks/0t.~4t7jl3txj.js:0
[      59ms] [ERROR] Refused to execute script from 'http://localhost:3000/_next/static/chunks/0t.~4t7jl3txj.js' because its MIME type ('text/plain') is not executable, and strict MIME type checking is enabled. @ http://localhost:3000/dashboard:0
[    1106ms] [ERROR] Refused to apply style from 'http://localhost:3000/_next/static/chunks/04otpsaqtjowi.css' because its MIME type ('text/plain') is not a supported stylesheet MIME type, and strict MIME checking is enabled. @ http://localhost:3000/:0
[    1116ms] [ERROR] Refused to apply style from 'http://localhost:3000/_next/static/chunks/04otpsaqtjowi.css' because its MIME type ('text/plain') is not a supported stylesheet MIME type, and strict MIME checking is enabled. @ http://localhost:3000/:0
[    1134ms] [ERROR] Failed to load resource: the server responded with a status of 500 (Internal Server Error) @ http://localhost:3000/_next/static/chunks/0zv4qebtaff_h.js:0
[    1134ms] [ERROR] Refused to execute script from 'http://localhost:3000/_next/static/chunks/0zv4qebtaff_h.js' because its MIME type ('text/plain') is not executable, and strict MIME type checking is enabled. @ http://localhost:3000/:0
[    1134ms] [ERROR] Failed to load resource: the server responded with a status of 500 (Internal Server Error) @ http://localhost:3000/_next/static/chunks/0mmu._ogbl0rl.js:0
[    1135ms] [ERROR] Refused to execute script from 'http://localhost:3000/_next/static/chunks/0mmu._ogbl0rl.js' because its MIME type ('text/plain') is not executable, and strict MIME type checking is enabled. @ http://localhost:3000/:0
[    1135ms] [ERROR] Failed to load resource: the server responded with a status of 500 (Internal Server Error) @ http://localhost:3000/_next/static/chunks/0d9~9d_eq8i79.js:0
[    1135ms] [ERROR] Refused to execute script from 'http://localhost:3000/_next/static/chunks/0d9~9d_eq8i79.js' because its MIME type ('text/plain') is not executable, and strict MIME type checking is enabled. @ http://localhost:3000/:0
[    1135ms] [ERROR] Failed to load resource: the server responded with a status of 500 (Internal Server Error) @ http://localhost:3000/_next/static/chunks/0a8re1x69og4_.js:0
[    1135ms] [ERROR] Refused to execute script from 'http://localhost:3000/_next/static/chunks/0a8re1x69og4_.js' because its MIME type ('text/plain') is not executable, and strict MIME type checking is enabled. @ http://localhost:3000/:0
[    4137ms] [WARNING] The resource http://localhost:3000/_next/static/media/1b99372b3eaef0c8-s.p.0gx2haw2tmll8.woff2 was preloaded using link preload but not used within a few seconds from the window's load event. Please make sure it has an appropriate `as` value and it is preloaded intentionally. @ http://localhost:3000/:0
[    4137ms] [WARNING] The resource http://localhost:3000/_next/static/media/83afe278b6a6bb3c-s.p.0q-301v4kxxnr.woff2 was preloaded using link preload but not used within a few seconds from the window's load event. Please make sure it has an appropriate `as` value and it is preloaded intentionally. @ http://localhost:3000/:0
