[      83ms] [INFO] %cDownload the React DevTools for a better development experience: https://react.dev/link/react-devtools font-weight:bold @ http://localhost:3001/_next/static/chunks/0213_next_dist_0d44q6a._.js:2477
[      99ms] [LOG] [HMR] connected @ http://localhost:3001/_next/static/chunks/0213_next_dist_0d44q6a._.js:2477
[     152ms] Error: Hydration failed because the server rendered HTML didn't match the client. As a result this tree will be regenerated on the client. This can happen if a SSR-ed Client Component used:

- A server/client branch `if (typeof window !== 'undefined')`.
- Variable input such as `Date.now()` or `Math.random()` which changes each time it's called.
- Date formatting in a user's locale which doesn't match the server.
- External changing data without sending a snapshot of it along with the HTML.
- Invalid HTML tag nesting.

It can also happen if the client has a browser extension installed which messes with the HTML before React loaded.

https://react.dev/link/hydration-mismatch

  ...
    <SegmentViewNode type="page" pagePath="page.tsx">
      <SegmentTrieNode>
      <ClientPageRoot Component={function Home} serverProvidedParams={{...}}>
        <Home params={Promise} searchParams={Promise}>
          <div className="min-h-scre...">
            <div>
            <div>
            <LandingNav>
              <nav className="fixed top-...">
                <div className="flex justi...">
                  <a>
                  <Sheet open={false} onOpenChange={function bound dispatchSetState}>
                    <DialogRoot data-slot="sheet" open={false} onOpenChange={function bound dispatchSetState}>
                      <SheetTrigger className="inline-fle..." aria-label="Open menu">
                        <DialogTrigger data-slot="sheet-trigger" className="inline-fle..." aria-label="Open menu">
+                         <button
+                           type="button"
+                           onClick={function}
+                           onMouseDown={function}
+                           onKeyDown={function}
+                           onKeyUp={function}
+                           onPointerDown={function}
+                           tabIndex={0}
+                           disabled={false}
+                           data-base-ui-click-trigger=""
+                           id="base-ui-_R_eeatmlb_"
+                           data-slot="sheet-trigger"
+                           aria-label="Open menu"
+                           ref={function}
+                           className="inline-flex items-center justify-center rounded-lg min-w-12 min-h-12 text-on-su..."
+                         >
-                         <div className="hidden md:flex gap-8 items-center">
                      ...
            ...
    ...

    at throwOnHydrationMismatch (http://localhost:3001/_next/static/chunks/0213_next_dist_compiled_react-dom_0m~ktmz._.js:3318:56)
    at beginWork (http://localhost:3001/_next/static/chunks/0213_next_dist_compiled_react-dom_0m~ktmz._.js:6758:918)
    at runWithFiberInDEV (http://localhost:3001/_next/static/chunks/0213_next_dist_compiled_react-dom_0m~ktmz._.js:965:74)
    at performUnitOfWork (http://localhost:3001/_next/static/chunks/0213_next_dist_compiled_react-dom_0m~ktmz._.js:9555:97)
    at workLoopConcurrentByScheduler (http://localhost:3001/_next/static/chunks/0213_next_dist_compiled_react-dom_0m~ktmz._.js:9551:58)
    at renderRootConcurrent (http://localhost:3001/_next/static/chunks/0213_next_dist_compiled_react-dom_0m~ktmz._.js:9534:71)
    at performWorkOnRoot (http://localhost:3001/_next/static/chunks/0213_next_dist_compiled_react-dom_0m~ktmz._.js:9061:150)
    at performWorkOnRootViaSchedulerTask (http://localhost:3001/_next/static/chunks/0213_next_dist_compiled_react-dom_0m~ktmz._.js:10255:9)
    at MessagePort.performWorkUntilDeadline (http://localhost:3001/_next/static/chunks/0213_next_dist_compiled_0ytz2wa._.js:2647:64)
[     299ms] [WARNING] THREE.Clock: This module has been deprecated. Please use THREE.Timer instead. @ http://localhost:3001/_next/static/chunks/0213_next_dist_0d44q6a._.js:2477
[   94203ms] [ERROR] WebSocket connection to 'ws://localhost:3001/_next/webpack-hmr?id=9Rd4BtSmeH8WACvzCOKba' failed: Error in connection establishment: net::ERR_CONNECTION_REFUSED @ http://localhost:3001/_next/static/chunks/0213_next_dist_client_0tcxg0u._.js:13322
[   95207ms] [ERROR] WebSocket connection to 'ws://localhost:3001/_next/webpack-hmr?id=9Rd4BtSmeH8WACvzCOKba' failed: Error in connection establishment: net::ERR_CONNECTION_REFUSED @ http://localhost:3001/_next/static/chunks/0213_next_dist_client_0tcxg0u._.js:13322
[   96209ms] [ERROR] WebSocket connection to 'ws://localhost:3001/_next/webpack-hmr?id=9Rd4BtSmeH8WACvzCOKba' failed: Error in connection establishment: net::ERR_CONNECTION_REFUSED @ http://localhost:3001/_next/static/chunks/0213_next_dist_client_0tcxg0u._.js:13322
[   97212ms] [ERROR] WebSocket connection to 'ws://localhost:3001/_next/webpack-hmr?id=9Rd4BtSmeH8WACvzCOKba' failed: Error in connection establishment: net::ERR_CONNECTION_REFUSED @ http://localhost:3001/_next/static/chunks/0213_next_dist_client_0tcxg0u._.js:13322
[   98215ms] [ERROR] WebSocket connection to 'ws://localhost:3001/_next/webpack-hmr?id=9Rd4BtSmeH8WACvzCOKba' failed: Error in connection establishment: net::ERR_CONNECTION_REFUSED @ http://localhost:3001/_next/static/chunks/0213_next_dist_client_0tcxg0u._.js:13322
[  103218ms] [ERROR] WebSocket connection to 'ws://localhost:3001/_next/webpack-hmr?id=9Rd4BtSmeH8WACvzCOKba' failed: Error in connection establishment: net::ERR_CONNECTION_REFUSED @ http://localhost:3001/_next/static/chunks/0213_next_dist_client_0tcxg0u._.js:13322
[  108221ms] [ERROR] WebSocket connection to 'ws://localhost:3001/_next/webpack-hmr?id=9Rd4BtSmeH8WACvzCOKba' failed: Error in connection establishment: net::ERR_CONNECTION_REFUSED @ http://localhost:3001/_next/static/chunks/0213_next_dist_client_0tcxg0u._.js:13322
[  113224ms] [ERROR] WebSocket connection to 'ws://localhost:3001/_next/webpack-hmr?id=9Rd4BtSmeH8WACvzCOKba' failed: Error in connection establishment: net::ERR_CONNECTION_REFUSED @ http://localhost:3001/_next/static/chunks/0213_next_dist_client_0tcxg0u._.js:13322
[  118226ms] [ERROR] WebSocket connection to 'ws://localhost:3001/_next/webpack-hmr?id=9Rd4BtSmeH8WACvzCOKba' failed: Error in connection establishment: net::ERR_CONNECTION_REFUSED @ http://localhost:3001/_next/static/chunks/0213_next_dist_client_0tcxg0u._.js:13322
[  123230ms] [ERROR] WebSocket connection to 'ws://localhost:3001/_next/webpack-hmr?id=9Rd4BtSmeH8WACvzCOKba' failed: Error in connection establishment: net::ERR_CONNECTION_REFUSED @ http://localhost:3001/_next/static/chunks/0213_next_dist_client_0tcxg0u._.js:13322
[  128236ms] [ERROR] WebSocket connection to 'ws://localhost:3001/_next/webpack-hmr?id=9Rd4BtSmeH8WACvzCOKba' failed: Error in connection establishment: net::ERR_CONNECTION_REFUSED @ http://localhost:3001/_next/static/chunks/0213_next_dist_client_0tcxg0u._.js:13322
[  133243ms] [ERROR] WebSocket connection to 'ws://localhost:3001/_next/webpack-hmr?id=9Rd4BtSmeH8WACvzCOKba' failed: Error in connection establishment: net::ERR_CONNECTION_REFUSED @ http://localhost:3001/_next/static/chunks/0213_next_dist_client_0tcxg0u._.js:13322
